// Jest Snapshot v1, https://goo.gl/fbAQLP

exports[`renders without crashing 1`] = `
<div>
  <div
    class="error"
    data-testid="error-default"
  >
    this is default error message
  </div>
</div>
`;
